ok - a missing teardown startup source refuses before cleanup
ok - an unreadable teardown startup source refuses before cleanup
ok - a missing adapter sibling refuses before cleanup
ok - a forced descendant with a missing adapter sibling refuses before cleanup
ok - a forced secondmate with a missing own adapter sibling refuses before child cleanup
ok - present required sources still reach the ordinary teardown refusal
ok - local-only worktree with HEAD on a fork remote is torn down and the home summary is refreshed
rc=1
--- stderr:
error: could not copy /private/var/folders/hk/lxr6ppq904ng8dxkxskjs5180000gn/T/fm-teardown-tests.ECWEGl/force-unwritable/state/task-x1.status to /private/var/folders/hk/lxr6ppq904ng8dxkxskjs5180000gn/T/fm-teardown-tests.ECWEGl/force-unwritable/data/task-x1 (copy failed; check that the directory is writable and has space)
error: teardown refused: task-x1's status log could not be kept; nothing was removed
--- state after:
task-x1.inbox
task-x1.meta
task-x1.status

/private/var/folders/hk/lxr6ppq904ng8dxkxskjs5180000gn/T/fm-teardown-tests.ECWEGl/force-unwritable/state/task-x1.inbox:
002.msg
handled

/private/var/folders/hk/lxr6ppq904ng8dxkxskjs5180000gn/T/fm-teardown-tests.ECWEGl/force-unwritable/state/task-x1.inbox/handled:
001.msg
/private/var/folders/hk/lxr6ppq904ng8dxkxskjs5180000gn/T/fm-teardown-tests.ECWEGl/force-unwritable/wt
