ok - report surface: only the branch actor's current turn may report, and only on the tasks its wake names
ok - report surface: an outcome recorded after the captain returned is queued durably for main
ok - dispatch entry: the host reads branch eligibility, the offer rule, and the wake prompt from the Pi branch's own owner
ok - drain: BRANCH OUTCOMES runs only on an opted-in home whose primary is not Pi
ok - drain: captain outcomes come first, and routine overflow collapses into a count one drain clears
ok - drain: repeated captain outcomes collapse per task, and the byte cap presents only the run its acknowledgement covers
ok - drain: a long away window costs one short drain, captain outcomes collapsed per task and routine overflow counted, and nothing from it is shown again
ok - drain: the BRANCH OUTCOMES budgets count bytes, cutting multibyte summaries by whole characters in any locale
ok - drain: branch outcomes stay unread when a projection of the store fails
ok - drain: branch outcomes stay unread and the drain fails when jq is missing
ok - drain: branch outcomes stay unread when the drain cannot print them
ok - host: an attended wake the branch may take is handled on the engine, and its routine outcome never wakes main
ok - host: an attended captain outcome wakes main once and stays in its drain until main acknowledges it
ok - host: a captain outcome recorded after the captain left waits for the return, then reaches main's drain
ok - host: an attended decision close stays main's exactly as the plain arm delivers it
ok - host: an attended close whose main session cannot be identified reaches main and runs no engine turn
ok - host: a decision close accepted away whose turn starts attended still reaches main unchanged
ok - host: an attended close whose task turns main-only before its turn still reaches main unchanged
ok - host: a primary with no verified dialog mirror keeps every attended close on main, and its away posture still runs
ok - host: each wake carries the captain's dialog since the last wake, without operational input
ok - host: the dialog mirror, its feed, and the wake file are owner-only
ok - host: dialog a turn never completed with its report (a park boundary, a stopped turn, no report) reaches the next turn
ok - host: an attended wake whose mirror is missing, cannot be read (at the feed or at the prompt), or holds a malformed entry reaches main before any engine turn, and the cursor stays put
ok - host: an away wake is handled on the engine through the branch contract and never reaches main
ok - host: an engine turn that records no outcome hands its durable wake to main
ok - host: a captain return during an engine turn hands that turn's outcomes to main
ok - host: an outcome recorded after the return reaches main even when its host dies at the turn's end
ok - host: a killed predecessor's engine is reaped and the next host removes its turn files
ok - host: a turn that reports but leaves its granted rows queued hands the wake to main
ok - host: a captain return during a failed engine turn still hands that turn's outcomes to main
ok - host: an engine turn whose result is incomplete hands its wake to main
ok - host: two engine errors latch the session, main keeps every away wake in the cooldown, a failed probe doubles it up to its cap, and a report recovers it silently
ok - host: an attended close in a latched session reaches main as the arm printed it and leaves the latch as it was, and a home without config/supervision-host never reads it
ok - host: attended, two engine errors latch the session, main keeps every close unchanged in the cooldown, a failed probe doubles it up to its cap, and a routine probe's recovery stays in the ledger, off main
ok - host: an engine turn is bounded, and tool processes outside its process group are reaped
ok - host: a restarted host stops, by recorded identity, the cycle a killed predecessor left running
ok - host: the park ends itself with a boundary wake and a stopped watcher
ok - host: waiting closes cannot carry the park past its boundary
ok - host: a close whose margin runs out while the successor starts reaches main at the boundary without a turn
ok - host: the park's test clock is inert without the test marker
ok - host: a park at or beyond the Stop-hook registration falls back to the default boundary
ok - host: an owner's later park limit lets a turn outlive the boundary, and no other limit does
ok - host: the first cycle's status streams once, --restart replaces a stale watcher, and an owner predecessor makes a handling successor
ok - host: an unchanged held outcome reaches the captain once across cadences, and a later decision on the task still does
ok - host: a home naming an unverified engine hands every away wake to main with the reason
ok - host: a host outside the session-lock owner stands down without arming
ok - host: a host under a superseded auto-arm generation stands down without touching the owner
