ok - status_span_has_actionable: benign absorbed, captain events surfaced, classified events not re-fired
ok - an actionable event is not hidden by later routine appends, and is named as itself
ok - span classification retires closed decisions and surfaces rejected transitions for reconciliation
ok - span classification from an offset keeps closed decisions closed and live ones live
ok - a malformed seen signature causes the whole status log to be classified
ok - stale_is_terminal: terminal status surfaces, non-terminal and no-status are benign
ok - classifier primitives: keyed decisions and activity phases, captain relevance, window-to-task, and overrides
ok - unrecognized status prefixes are visible and recognized prefixes are unchanged
ok - crew_is_provably_working: only working+run-step/pane is provable; idle/finished/parked/failed/unknown surface
ok - status_is_paused: only the leading paused verb matches, paused is not captain-relevant, and the two declared-wait verbs stay separable
ok - crew_absorb_class: working/paused/none from one read; crew_is_paused and crew_is_provably_working agree
ok - crew_worktree_written_since: real writes are evidence; no worktree, no anchor, quiet trees, .git churn and a mate's own home are not
ok - an empty FM_WORKTREE_WRITE_PRUNE widens the probe to the whole depth-bounded tree instead of disabling it
ok - an empty FM_WORKTREE_WRITE_PRUNE exported into the environment prunes nothing, widening the probe
ok - the worktree write probe is wall-clock bounded, and hitting the bound reads as no write evidence
ok - signal_crew_provably_working: benign only when every referenced crew is provably working
ok - a secondmate's unmarked routine progress absorbs when provably working; routed, terminal, note, marked, and unknown lines surface
ok - a no-verb signal whose crew is provably working is absorbed (no exit, no queue, suppressor advanced, beacon present)
ok - a bare turn-end whose crew is provably working (busy pane) is absorbed
ok - a bare turn-end whose crew is not provably working is surfaced (the swallowed-finish fix)
ok - a bare turn-end from a pane that churned since the previous poll is absorbed
ok - pane churn starts a fresh stale-classification interval before a stopped render returns
ok - pane churn resets prior wedge escalation state before the stale-path poll
ok - a churning turn-end inside an already-open deferral window is absorbed without re-marking
ok - a bare turn-end from a pane unchanged since the previous poll still surfaces
ok - a bare turn-end backed by a malformed prior hash surfaces
ok - a bare turn-end backed by a newline-terminated prior hash surfaces
ok - a churning secondmate turn-end surfaces without a stale resurface path
ok - a turn-end whose marker key matches another recorded endpoint surfaces
ok - two metadata records sharing one endpoint make churn evidence ambiguous
ok - a batch may satisfy positive evidence independently per task
ok - per-task evidence composition stays off until the home opts in
ok - a status-bearing batch never falls through to pane-churn evidence
ok - pane-churn turn-end absorb is off until a home opts in
ok - a perpetually churning pane surfaces once its bounded deferral window is spent
ok - an unrecordable pane-churn deadline surfaces the turn-end
ok - an invalid pane-churn bound surfaces the turn-end
ok - an oversized pane-churn bound surfaces the turn-end
ok - invalid existing pane-churn deadlines surface without mutation
ok - a surfaced batch opens no partial pane-churn deadline
ok - a no-verb working: note whose crew is idle with no running pipeline is surfaced
ok - a secondmate's status note surfaces even while its own agent is busy
ok - a busy secondmate's routine working: is absorbed while its later note: still surfaces
ok - a secondmate blocker wakes despite busy evidence and later unrelated appends
ok - a self-announced close never wakes its own home, and the next real note still does
ok - a close after OPEN DECISIONS fold never wakes its own home, and the next real note still does
ok - a folded worker decision with no home append still wakes
ok - separate answers over unclassified decisions wake once, and the next real note still does
ok - a close after OPEN DECISIONS fold still surfaces a worker failure inside the folded span
ok - a close after OPEN DECISIONS fold still surfaces unlisted secondmate lines inside the folded span
ok - captain-relevant signal is surfaced (queue + exit) and marked surfaced
ok - a needs-decision signal row's queued payload is marked needs-decision: for branch exclusion
ok - a reconciliation-required needs-decision row's queued payload is still marked needs-decision:
ok - a captain-held signal stays actionable while the crew is still working
ok - a pending-reply second-mate escalation is marked for main-only routing
ok - an ordinary blocked event remains branch-eligible
ok - a routine event containing a needs-decision phrase keeps its ordinary payload, unmarked
ok - a captain event hidden behind a later routine append is still surfaced (queue + exit)
ok - a keyed decision signal reads only the newly appended span, not the whole log
ok - a finished release reported before routine cleanup chatter is still surfaced
ok - a routine append after an already-classified event is absorbed (no re-wake)
ok - unreadable status reports are bounded without advancing classification
ok - permission recovery surfaces content from the unadvanced position
ok - a stale pane sitting on a terminal status is surfaced (queue + exit)
ok - a stale terminal-looking status is overridden and absorbed while a run is actively working, then wedge-escalated
ok - provably-working non-terminal stale is absorbed on first sight, then wedge-escalated past the threshold
ok - consecutive wedge escalations on the same pane accumulate and demand deep inspection at the threshold
ok - a pane becoming active again resets the consecutive wedge-escalation counter
ok - a record whose endpoint is dead or missing reports itself once and is never re-escalated
ok - a live wedged agent, an unattributable one, and an unreadable endpoint escalate unchanged
ok - the once-only gone report re-arms when the endpoint comes back, and reports a later death again
ok - a second death after a same-window relaunch reports in full without a live probe, and an unchanged dead pane stays silent
ok - a successor's byte-identical dead display reports in full, and the same incarnation still absorbs
ok - TERM stops a watcher blocked inside a poll and still runs its cleanup
watcher: recovery state could not be persisted; retaining stale lock evidence
ok - TERM stops a watcher whose downtime-marker lock is held, retaining stale evidence
ok - the cleanup marker-lock bound is decimal and zero falls back to the default
ok - a busy worker below the turn-age bound remains working with no escalation
ok - a busy worker with a stable pane hash still escalates once its completed-turn age reaches the bound
ok - a busy worker whose pane hash changes every poll still escalates once its completed-turn age reaches the bound
ok - touching a busy worker's completed-turn marker resets the age and prevents an old-age escalation
ok - native progress resets busy age without a completed turn or notification
ok - repeated busy turn-age escalations reuse the existing escalation counter and demand deep inspection at the threshold
ok - the production default busy-turn-age bound is 3600s (5min under does not wedge, 66min over does)
ok - a busy pane under a declared pause is rechecked on the long cadence, and lifting the pause restores the wedge escalation
ok - away mode hands a busy declared pause to the daemon as a plain stale, and lifting the declaration restores the wedge escalation
ok - away mode wakes the daemon once per declaration for a busy pane whose footer ticks on every capture
ok - a not-provably-working non-terminal stale is surfaced immediately (never left to wait out the timer)
ok - a declared pause is absorbed on first sight, then re-surfaced as a recheck past the threshold, never wedge-escalated
ok - exited declared-pause and captain-held panes use bounded pause cadence while a live decision gate still surfaces once
ok - own-work waits keep one first alert, then bounded rechecks without wedges; undeclared idle still alarms
ok - absorbed paused and captain-held replacements each start their own re-surface cadence
ok - a parked live worker surfaces once, absorbs pane churn for the whole re-surface window, then re-surfaces when it elapses
ok - a live paused worker stays absorbed until its declared time, then rechecks
ok - a declared wait is not wedge-escalated by a working verdict, while an elapsed declaration and an undeclared lane both keep the unchanged ladder
ok - a default-key answer leaves a keyless wait standing, while the worker's own keyless resolved line retracts it
Terminated: 15             sleep 0.1
Terminated: 15             sleep "$POLL"
